src/auth/auth.module.ts(16,7): error TS2322: Type '(configService: ConfigService) => Promise<{ secret: string | undefined; signOptions: { expiresIn: string; }; }>' is not assignable to type '(...args: any[]) => JwtModuleOptions | Promise<JwtModuleOptions>'.
  Type 'Promise<{ secret: string | undefined; signOptions: { expiresIn: string; }; }>' is not assignable to type 'JwtModuleOptions | Promise<JwtModuleOptions>'.
    Type 'Promise<{ secret: string | undefined; signOptions: { expiresIn: string; }; }>' is not assignable to type 'Promise<JwtModuleOptions>'.
      Type '{ secret: string | undefined; signOptions: { expiresIn: string; }; }' is not assignable to type 'JwtModuleOptions'.
        The types of 'signOptions.expiresIn' are incompatible between these types.
          Type 'string' is not assignable to type 'number | StringValue | undefined'.
src/auth/jwt.strategy.ts(13,11): error TS2345: Argument of type '[{ jwtFromRequest: JwtFromRequestFunction<any>; ignoreExpiration: false; secretOrKey: string | undefined; }]' is not assignable to parameter of type '[opt: StrategyOptionsWithRequest] | [opt: StrategyOptionsWithoutRequest]'.
  Type '[{ jwtFromRequest: JwtFromRequestFunction<any>; ignoreExpiration: false; secretOrKey: string | undefined; }]' is not assignable to type '[opt: StrategyOptionsWithoutRequest]'.
    Type '{ jwtFromRequest: JwtFromRequestFunction<any>; ignoreExpiration: false; secretOrKey: string | undefined; }' is not assignable to type 'StrategyOptionsWithoutRequest'.
      Type '{ jwtFromRequest: JwtFromRequestFunction<any>; ignoreExpiration: false; secretOrKey: string | undefined; }' is not assignable to type 'Omit<WithSecretOrKey, "secretOrKeyProvider"> & { passReqToCallback?: false | undefined; }'.
        Type '{ jwtFromRequest: JwtFromRequestFunction<any>; ignoreExpiration: false; secretOrKey: string | undefined; }' is not assignable to type 'Omit<WithSecretOrKey, "secretOrKeyProvider">'.
          Types of property 'secretOrKey' are incompatible.
            Type 'string | undefined' is not assignable to type 'string | Buffer<ArrayBufferLike>'.
              Type 'undefined' is not assignable to type 'string | Buffer<ArrayBufferLike>'.
src/users/users.service.ts(28,5): error TS2322: Type 'User | null' is not assignable to type 'User | undefined'.
  Type 'null' is not assignable to type 'User | undefined'.
